[2026-08-31T02:05:48.662Z] GET http://localhost:5173/ → 200 (7ms, 2142B)
[2026-08-31T02:05:48.674Z] GET http://localhost:5173/@vite/client → 200 (9ms, 137737B)
[2026-08-31T02:05:48.674Z] GET https://fonts.googleapis.com/css2?family=Cinzel:wght@500;700&family=Inter:wght@400;500;700&display=swap → pending (?ms, ?B)
[2026-08-31T02:05:48.674Z] GET http://localhost:5173/src/main.jsx?t=1788141842616 → 200 (7ms, 3665B)
[2026-08-31T02:05:48.676Z] GET http://localhost:5173/@react-refresh → 200 (12ms, 117548B)
[2026-08-31T02:05:48.681Z] GET http://localhost:5173/node_modules/.vite/deps/react_jsx-dev-runtime.js?v=f95191ce → 200 (9ms, 37035B)
[2026-08-31T02:05:48.681Z] GET http://localhost:5173/node_modules/.vite/deps/react.js?v=f95191ce → 200 (8ms, 219B)
[2026-08-31T02:05:48.682Z] GET http://localhost:5173/node_modules/.vite/deps/react-dom_client.js?v=f95191ce → 200 (7ms, 1118B)
[2026-08-31T02:05:48.682Z] GET http://localhost:5173/node_modules/.vite/deps/react-router-dom.js?v=f95191ce → 200 (24ms, 467811B)
[2026-08-31T02:05:48.682Z] GET http://localhost:5173/node_modules/.vite/deps/react-helmet-async.js?v=f95191ce → 200 (13ms, 38282B)
[2026-08-31T02:05:48.682Z] GET http://localhost:5173/src/App.jsx?t=1788141842616 → 200 (15ms, 32423B)
[2026-08-31T02:05:48.682Z] GET http://localhost:5173/src/context/SiteContext.jsx → 200 (16ms, 38850B)
[2026-08-31T02:05:48.683Z] GET http://localhost:5173/node_modules/vite/dist/client/env.mjs → 200 (21ms, 4021B)
[2026-08-31T02:05:48.690Z] GET http://localhost:5173/node_modules/.vite/deps/chunk-RLJ2RCJQ.js?v=f95191ce → 200 (17ms, 77818B)
[2026-08-31T02:05:48.690Z] GET http://localhost:5173/node_modules/.vite/deps/chunk-DC5AMYBS.js?v=f95191ce → 200 (14ms, 1830B)
[2026-08-31T02:05:48.690Z] GET http://localhost:5173/node_modules/.vite/deps/chunk-NUMECXU6.js?v=f95191ce → 200 (47ms, 928095B)
[2026-08-31T02:05:48.701Z] GET http://localhost:5173/src/context/PastoraisContext.jsx → 200 (28ms, 33172B)
[2026-08-31T02:05:48.701Z] GET http://localhost:5173/src/App.css?t=1788141842616 → 200 (28ms, 54466B)
[2026-08-31T02:05:48.701Z] GET http://localhost:5173/src/components/layout/Header.jsx → 200 (30ms, 20442B)
[2026-08-31T02:05:48.702Z] GET http://localhost:5173/src/components/layout/Footer.jsx → 200 (27ms, 10782B)
[2026-08-31T02:05:48.702Z] GET http://localhost:5173/src/components/layout/FloatingButtons.jsx → 200 (27ms, 7235B)
[2026-08-31T02:05:48.702Z] GET http://localhost:5173/src/components/layout/StickyCard.jsx → 200 (29ms, 12555B)
[2026-08-31T02:05:48.702Z] GET http://localhost:5173/src/components/home/Hero.jsx?t=1788141783720 → 200 (29ms, 6979B)
[2026-08-31T02:05:48.702Z] GET http://localhost:5173/src/components/home/RosarioBanner.jsx → 200 (33ms, 26018B)
[2026-08-31T02:05:48.702Z] GET http://localhost:5173/src/components/home/EmbirucuBanner.jsx → 200 (33ms, 32671B)
[2026-08-31T02:05:48.702Z] GET http://localhost:5173/src/components/home/Celebracoes.jsx → 200 (33ms, 56429B)
[2026-08-31T02:05:48.702Z] GET http://localhost:5173/src/components/home/Secretaria.jsx → 200 (33ms, 6196B)
[2026-08-31T02:05:48.702Z] GET http://localhost:5173/src/components/home/Mapa.jsx → 200 (29ms, 4667B)
[2026-08-31T02:05:48.702Z] GET http://localhost:5173/src/components/home/Instagram.jsx?t=1788141783720 → 200 (29ms, 29227B)
[2026-08-31T02:05:48.702Z] GET http://localhost:5173/src/components/home/Destaques.jsx → 200 (29ms, 10554B)
[2026-08-31T02:05:48.703Z] GET http://localhost:5173/src/components/home/PixSection.jsx?t=1788141778898 → 200 (28ms, 36828B)
[2026-08-31T02:05:48.703Z] GET http://localhost:5173/src/components/admin/AdminPanel.jsx → 200 (31ms, 202582B)
[2026-08-31T02:05:48.703Z] GET http://localhost:5173/src/components/layout/SEOMeta.jsx → 200 (29ms, 6144B)
[2026-08-31T02:05:48.703Z] GET http://localhost:5173/src/pages/Pastorais.jsx → 200 (29ms, 15753B)
[2026-08-31T02:05:48.703Z] GET http://localhost:5173/src/pages/PastoralDetail.jsx → 200 (30ms, 43135B)
[2026-08-31T02:05:48.703Z] GET http://localhost:5173/src/pages/PastoralAccess.jsx → 200 (32ms, 63586B)
[2026-08-31T02:05:48.703Z] GET http://localhost:5173/src/data.js → 200 (32ms, 83058B)
[2026-08-31T02:05:48.735Z] GET http://localhost:5173/src/components/layout/Header.module.css → 200 (3ms, 6363B)
[2026-08-31T02:05:48.737Z] GET http://localhost:5173/node_modules/.vite/deps/lucide-react.js?v=f95191ce → 200 (53ms, 1371645B)
[2026-08-31T02:05:48.737Z] GET http://localhost:5173/src/components/layout/StickyCard.module.css → 200 (53ms, 4236B)
[2026-08-31T02:05:48.738Z] GET http://localhost:5173/node_modules/.vite/deps/qrcode.js?v=f95191ce → 200 (52ms, 62736B)
[2026-08-31T02:05:48.738Z] GET http://localhost:5173/src/utils/pix.js → 200 (51ms, 13473B)
[2026-08-31T02:05:48.738Z] GET http://localhost:5173/src/pages/Pastorais.module.css → 200 (52ms, 13738B)
[2026-08-31T02:05:48.738Z] GET http://localhost:5173/src/components/home/RosarioBanner.module.css → 200 (52ms, 13988B)
[2026-08-31T02:05:48.738Z] GET http://localhost:5173/src/components/home/Celebracoes.module.css → 200 (52ms, 10036B)
[2026-08-31T02:05:51.307Z] GET http://localhost:5173/logo-paroquia.svg → 200 (149ms, 302B)
[2026-08-31T02:05:51.455Z] GET http://localhost:5173/igreja-bg.jpg → 200 (3ms, 2901558B)
[2026-08-31T02:05:51.455Z] GET https://fonts.gstatic.com/s/inter/v20/UcC73FwrK3iLTeHuS_nVMrMxCp50SjIa1ZL7.woff2 → 200 (242ms, 48256B)
[2026-08-31T02:05:51.455Z] GET https://fonts.gstatic.com/s/cinzel/v26/8vIJ7ww63mVu7gt79mT7.woff2 → 200 (179ms, 25904B)
[2026-08-31T02:05:51.480Z] GET https://www.google.com/maps?q=Pra%C3%A7a%20Caetano%20Mascarenhas%2C%20480%2C%20Paraopeba&output=embed → 301 (217ms, ?B)
[2026-08-31T02:05:51.495Z] GET http://localhost:5173/instagram-reel.mp4 → 206 (9ms, ?B)
[2026-08-31T02:05:51.497Z] GET http://localhost:3000/pastorais → pending (?ms, ?B)
[2026-08-31T02:05:51.504Z] GET http://localhost:3000/site → pending (?ms, ?B)
[2026-08-31T02:05:51.504Z] GET http://localhost:3000/auth/me → 401 (3ms, 71B)
[2026-08-31T02:05:51.504Z] GET http://localhost:3000/pastorais → pending (?ms, ?B)
[2026-08-31T02:05:51.504Z] GET http://localhost:3000/site → pending (?ms, ?B)
[2026-08-31T02:05:51.504Z] GET http://localhost:3000/auth/me → 401 (3ms, 71B)
[2026-08-31T02:05:51.697Z] GET https://www.google.com/maps/embed?origin=mfe&pb=!1m2!2m1!1sPra%C3%A7a+Caetano+Mascarenhas,+480,+Paraopeba → pending (?ms, ?B)
[2026-08-31T02:05:52.116Z] GET https://maps.gstatic.com/maps-api-v3/embed/js/66/2d/init_embed.js → 200 (255ms, 255788B)
[2026-08-31T02:05:52.116Z] GET https://maps.googleapis.com/maps/api/js?key=AIzaSyCmL18misQw9KdwqGaw3zHkitj8vG6QF2Y&paint_origin=&libraries=geometry,search&v=weekly&loading=async&language=en_US&experimentation=allowed&callback=onApiLoad → 200 (189ms, 13442B)
[2026-08-31T02:05:52.306Z] GET https://maps.googleapis.com/maps-api-v3/api/js/66/2d/search.js → 200 (50ms, 2621B)
[2026-08-31T02:05:52.307Z] GET https://maps.googleapis.com/maps-api-v3/api/js/66/2d/geometry.js → 200 (50ms, 6974B)
[2026-08-31T02:05:52.307Z] GET https://maps.googleapis.com/maps-api-v3/api/js/66/2d/main.js → 200 (78ms, 300224B)
[2026-08-31T02:05:52.410Z] GET https://maps.googleapis.com/maps/api/mapsjs/gen_204?csp_test=true → 200 (141ms, 3B)
[2026-08-31T02:05:52.452Z] GET https://maps.googleapis.com/maps-api-v3/api/js/66/2d/common.js → 200 (39ms, 128706B)
[2026-08-31T02:05:52.452Z] GET https://maps.googleapis.com/maps-api-v3/api/js/66/2d/util.js → 200 (85ms, 319685B)
[2026-08-31T02:05:52.453Z] GET https://maps.googleapis.com/maps-api-v3/api/js/66/2d/map.js → 200 (55ms, 81283B)
[2026-08-31T02:05:52.454Z] GET https://maps.googleapis.com/maps-api-v3/api/js/66/2d/controls.js → 200 (79ms, 102378B)
[2026-08-31T02:05:52.454Z] GET https://maps.googleapis.com/maps-api-v3/api/js/66/2d/places_impl.js → 200 (52ms, 13520B)
[2026-08-31T02:05:52.454Z] GET https://maps.googleapis.com/maps-api-v3/api/js/66/2d/places.js → 200 (96ms, 480472B)
[2026-08-31T02:05:52.458Z] GET https://maps.googleapis.com/maps/api/js/StaticMapService.GetMapImage?1m2&1i6318928&2i9304179&2e1&3u16&4m2&1u562&2u288&5m6&1e0&5sen-US&6sus&10b1&12b1&14i47083502&8e1&key=AIzaSyCmL18misQw9KdwqGaw3zHkitj8vG6QF2Y&token=87400 → 200 (49ms, 30378B)
[2026-08-31T02:05:52.464Z] GET https://maps.googleapis.com/maps-api-v3/api/js/66/2d/onion.js → 200 (54ms, 28349B)
[2026-08-31T02:05:52.464Z] GET https://maps.googleapis.com/maps-api-v3/api/js/66/2d/search_impl.js → 200 (62ms, 3569B)
